// Jest Snapshot v1, https://goo.gl/fbAQLP

exports[`Components -> Autocomplete -> ResultItem snapshot should render ResultItem with props 1`] = `
<div
  className="result-item"
  onClick={[Function]}
  onKeyDown={[Function]}
  tabIndex={0}
>
  <div
    className="content"
  >
    display
  </div>
</div>
`;
